#-----------------------------------------------------------
# xsim v2017.4 (64-bit)
# SW Build 2086221 on Fri Dec 15 20:55:39 MST 2017
# IP Build 2085800 on Fri Dec 15 22:25:07 MST 2017
# Start of session at: Sun Jun  8 16:59:07 2025
# Process ID: 24464
# Current directory: D:/work/vivado/pynq/barrel_distortion_correction/vivado/hdmi_barrel_distortion_correction.sim/sim_1/behav/xsim
# Command line: xsim.exe -mode tcl -source {xsim.dir/tb_barrel_distortion_correction_behav/xsim_script.tcl}
# Log file: D:/work/vivado/pynq/barrel_distortion_correction/vivado/hdmi_barrel_distortion_correction.sim/sim_1/behav/xsim/xsim.log
# Journal file: D:/work/vivado/pynq/barrel_distortion_correction/vivado/hdmi_barrel_distortion_correction.sim/sim_1/behav/xsim\xsim.jou
#-----------------------------------------------------------
source xsim.dir/tb_barrel_distortion_correction_behav/xsim_script.tcl
open_wave_config {D:\work\vivado\pynq\barrel_distortion_correction\vivado\hdmi_barrel_distortion_correction.sim\sim_1\behav\xsim\tb_barrel_distortion_correction_behav.wcfg}
run -all
